      0s    0.0+ Opened D:\pico\Logs\PicoGK.log
      0s    0.0+ 
      0s    0.0+ ----------------------------------------
      0s    0.0+ 
      0s    0.0+ Current time (UTC): 2026-03-31 06:38:03 (UTC)
      0s    0.0+ Current local time: 2026-03-31 12:08:03 (+05:30)
      0s    0.0+ 
      0s    0.0+ ----------------------------------------
      0s    0.0+ 
      0s    0.0+ System Info:
      0s    0.0+ 
      0s    0.0+ Machine Name:         IO
      0s    0.0+ Operating System      Microsoft Windows 10.0.26200
      0s    0.0+ Version:              Microsoft Windows NT 10.0.26200.0
      0s    0.0+ OS Architecture:      X64
      0s    0.0+ Proc Architecture:    X64
      0s    0.0+ 64 Bit OS:            Yes
      0s    0.0+ 64 Bit Process:       Yes
      0s    0.0+ Processor Count:      24
      0s    0.0+ Working Set:          22MB
      0s    0.0+ C# Framework:         .NET 10.0.1
      0s    0.0+ C# CLR Version:       10.0.1
      0s    0.0+ PicoGK Path:          picogk.1.7
      0s    0.0+ Command Line:         D:\pico\bin\Debug\net10.0\pico.dll
      0s    0.0+ 
      0s    0.0+ ----------------------------------------
      0s    0.0+ 
      0s    0.0+ Welcome to PicoGK
      0s    0.0+ Creating Viewer
      0s    0.3+ PicoGK:    PicoGK Core Library
      0s    0.0+            1.7.1
      0s    0.0+            2024-08-03 22:17:59 picogk.1.7
      0s    0.0+ 
      0s    0.0+ VoxelSize: 0.5 (mm)
      0s    0.0+ Happy Computational Engineering!
      0s    0.0+ 
      0s    0.0+ 
      0s    0.0+ Loading lights embedded environment
      0s    0.0+ Starting tasks.
      0s    0.0+ 
      0s    0.0+ Loading Lights
      5s    4.3+ Viewer Window Closed
      5s    0.0+ 
      5s    0.0+ ----------------------------------------
      5s    0.0+ 
      5s    0.0+ Closing log file.
      5s    0.0+ Current time (UTC): 2026-03-31 06:38:07 (UTC)
      5s    0.0+ Current local time: 2026-03-31 12:08:07 (+05:30)
      5s    0.0+ Done.
